Data/Store/4051653300272.csv
Date,ProductID,Quantity,Price,Quantity_perWeek,Price_Total_perOrder,MonthoftheYear,WeekoftheYear,WeekoftheMonth,DayoftheYear,DayoftheMonth,DayoftheWeek,isWeekend
2022-05-09,4260705920096,1,5.49,-1,5.49,5,19,1,129,9,0,False
2022-05-10,4260705920096,1,5.49,-2,5.49,5,19,1,130,10,1,False
2022-05-11,4260705920096,1,5.49,-3,5.49,5,19,1,131,11,2,False
2022-05-12,4260705920096,2,5.49,-5,10.98,5,19,1,132,12,3,False
2022-05-13,4260705920096,1,5.49,-6,5.49,5,19,1,133,13,4,False
2022-05-14,4260705920096,2,5.49,-8,10.98,5,19,1,134,14,5,True
2022-05-16,4260705920096,1,5.49,-9,5.49,5,20,2,136,16,0,False
2022-05-18,4260705920096,1,5.49,-10,5.49,5,20,2,138,18,2,False
2022-05-19,4260705920096,1,5.49,-11,5.49,5,20,2,139,19,3,False
2022-05-20,4260705920096,2,5.49,-13,10.98,5,20,2,140,20,4,False
2022-05-21,4260705920096,2,5.49,-15,10.98,5,20,2,141,21,5,True
2022-05-23,4260705920096,1,5.49,-16,5.49,5,21,3,143,23,0,False
2022-05-24,4260705920096,1,5.49,-17,5.49,5,21,3,144,24,1,False
2022-05-25,4260705920096,2,5.49,-19,10.98,5,21,3,145,25,2,False
2022-05-27,4260705920096,2,5.49,-21,10.98,5,21,3,147,27,4,False
2022-05-28,4260705920096,2,5.49,-23,10.98,5,21,3,148,28,5,True
2022-05-31,4260705920096,1,5.49,-24,5.49,5,22,4,151,31,1,False
2022-06-01,4260705920096,1,5.49,-25,5.49,6,22,0,152,1,2,False
2022-06-02,4260705920096,1,5.49,-26,5.49,6,22,0,153,2,3,False
2022-06-03,4260705920096,1,5.49,-27,5.49,6,22,0,154,3,4,False
2022-06-04,4260705920096,2,5.49,-29,10.98,6,22,0,155,4,5,True
2022-06-09,4260705920096,1,5.49,-30,5.49,6,23,1,160,9,3,False
2022-06-10,4260705920096,1,5.49,-31,5.49,6,23,1,161,10,4,False
2022-06-13,4260705920096,1,5.49,-32,5.49,6,24,1,164,13,0,False
2022-06-14,4260705920096,1,5.49,-33,5.49,6,24,1,165,14,1,False
2022-06-15,4260705920096,1,5.49,-34,5.49,6,24,2,166,15,2,False
2022-06-16,4260705920096,1,5.49,-35,5.49,6,24,2,167,16,3,False
2022-06-17,4260705920096,1,5.49,-36,5.49,6,24,2,168,17,4,False
2022-06-18,4260705920096,1,5.49,-37,5.49,6,24,2,169,18,5,True
2022-06-20,4260705920096,1,5.49,-38,5.49,6,25,2,171,20,0,False
2022-06-21,4260705920096,1,5.49,-39,5.49,6,25,2,172,21,1,False
2022-06-22,4260705920096,1,5.49,-40,5.49,6,25,3,173,22,2,False
2022-06-23,4260705920096,1,5.49,-41,5.49,6,25,3,174,23,3,False
2022-06-24,4260705920096,1,5.49,-42,5.49,6,25,3,175,24,4,False
2022-06-25,4260705920096,1,5.49,-43,5.49,6,25,3,176,25,5,True
2022-06-27,4260705920096,1,5.49,-44,5.49,6,26,3,178,27,0,False
2022-06-28,4260705920096,1,5.49,-39,5.49,6,26,3,179,28,1,False
2022-06-29,4260705920096,1,5.49,-40,5.49,6,26,4,180,29,2,False
2022-06-30,4260705920096,1,5.49,-41,5.49,6,26,4,181,30,3,False
2022-07-01,4260705920096,1,5.49,-42,5.49,7,26,0,182,1,4,False
2022-07-02,4260705920096,3,5.49,-45,16.47,7,26,0,183,2,5,True
2022-07-04,4260705920096,1,5.59,-46,5.59,7,27,0,185,4,0,False
2022-07-05,4260705920096,1,5.59,-39,5.59,7,27,0,186,5,1,False
2022-07-06,4260705920096,1,5.59,-40,5.59,7,27,0,187,6,2,False
2022-07-07,4260705920096,1,5.59,-41,5.59,7,27,0,188,7,3,False
2022-07-09,4260705920096,2,5.59,-43,11.18,7,27,1,190,9,5,True
2022-07-12,4260705920096,1,5.59,-38,5.59,7,28,1,193,12,1,False
2022-07-13,4260705920096,1,5.59,-39,5.59,7,28,1,194,13,2,False
2022-07-14,4260705920096,1,5.59,-40,5.59,7,28,1,195,14,3,False
2022-07-15,4260705920096,1,5.59,-41,5.59,7,28,2,196,15,4,False
2022-07-16,4260705920096,1,5.59,-42,5.59,7,28,2,197,16,5,True
2022-07-18,4260705920096,2,5.59,-44,11.18,7,29,2,199,18,0,False
2022-07-19,4260705920096,2,5.59,-41,11.18,7,29,2,200,19,1,False
2022-07-20,4260705920096,2,5.59,-43,11.18,7,29,2,201,20,2,False
2022-07-22,4260705920096,2,5.59,-45,11.18,7,29,3,203,22,4,False
2022-07-23,4260705920096,2,5.59,-47,11.18,7,29,3,204,23,5,True
2022-07-26,4260705920096,2,5.59,-39,11.18,7,30,3,207,26,1,False
2022-07-27,4260705920096,2,5.59,-41,11.18,7,30,3,208,27,2,False
2022-07-29,4260705920096,1,5.59,-42,5.59,7,30,4,210,29,4,False
2022-08-01,4260705920096,2,5.59,-44,11.18,8,31,0,213,1,0,False
2022-08-02,4260705920096,1,5.59,-40,5.59,8,31,0,214,2,1,False
2022-08-03,4260705920096,2,5.59,-42,11.18,8,31,0,215,3,2,False
2022-08-04,4260705920096,2,5.59,-44,11.18,8,31,0,216,4,3,False
2022-08-05,4260705920096,2,5.59,-46,11.18,8,31,0,217,5,4,False
2022-08-06,4260705920096,1,5.59,-47,5.59,8,31,0,218,6,5,True
2022-08-08,4260705920096,2,5.59,-49,11.18,8,32,1,220,8,0,False
2022-08-09,4260705920096,2,5.59,-41,11.18,8,32,1,221,9,1,False
2022-08-10,4260705920096,1,5.59,-42,5.59,8,32,1,222,10,2,False
2022-08-11,4260705920096,2,5.59,-44,11.18,8,32,1,223,11,3,False
2022-08-12,4260705920096,2,5.59,-46,11.18,8,32,1,224,12,4,False
2022-08-13,4260705920096,1,5.59,-47,5.59,8,32,1,225,13,5,True
2022-08-15,4260705920096,1,5.59,-48,5.59,8,33,2,227,15,0,False
2022-08-16,4260705920096,2,5.59,-40,11.18,8,33,2,228,16,1,False
2022-08-18,4260705920096,1,5.59,-41,5.59,8,33,2,230,18,3,False
2022-08-19,4260705920096,1,5.59,-42,5.59,8,33,2,231,19,4,False
2022-08-20,4260705920096,1,5.59,-43,5.59,8,33,2,232,20,5,True
2022-08-22,4260705920096,1,5.59,-44,5.59,8,34,3,234,22,0,False
2022-08-23,4260705920096,1,5.59,-39,5.59,8,34,3,235,23,1,False
2022-08-24,4260705920096,1,5.59,-40,5.59,8,34,3,236,24,2,False
2022-08-25,4260705920096,1,5.59,-41,5.59,8,34,3,237,25,3,False
2022-08-26,4260705920096,1,5.59,-42,5.59,8,34,3,238,26,4,False
2022-08-27,4260705920096,1,5.59,-43,5.59,8,34,3,239,27,5,True
2022-08-29,4260705920096,3,5.59,-46,16.77,8,35,4,241,29,0,False
2022-08-30,4260705920096,1,5.59,-41,5.59,8,35,4,242,30,1,False
2022-09-02,4260705920096,1,5.59,-42,5.59,9,35,0,245,2,4,False
2022-09-03,4260705920096,1,5.59,-43,5.59,9,35,0,246,3,5,True
2022-09-05,4260705920096,1,5.59,-44,5.59,9,36,0,248,5,0,False
2022-09-06,4260705920096,1,5.59,-39,5.59,9,36,0,249,6,1,False
2022-09-07,4260705920096,1,5.59,-40,5.59,9,36,0,250,7,2,False
2022-09-08,4260705920096,1,5.59,-41,5.59,9,36,1,251,8,3,False
2022-09-09,4260705920096,2,5.59,-43,11.18,9,36,1,252,9,4,False
2022-09-10,4260705920096,1,5.59,-44,5.59,9,36,1,253,10,5,True
2022-09-12,4260705920096,1,5.59,-45,5.59,9,37,1,255,12,0,False
2022-09-16,4260705920096,2,5.59,-40,11.18,9,37,2,259,16,4,False
2022-09-17,4260705920096,2,5.59,-42,11.18,9,37,2,260,17,5,True
2022-09-19,4260705920096,1,5.59,-43,5.59,9,38,2,262,19,0,False
2022-09-20,4260705920096,1,5.59,-39,5.59,9,38,2,263,20,1,False
2022-09-21,4260705920096,1,5.59,-40,5.59,9,38,2,264,21,2,False
2022-09-22,4260705920096,1,5.59,-41,5.59,9,38,3,265,22,3,False
2022-09-23,4260705920096,2,5.59,-43,11.18,9,38,3,266,23,4,False
2022-09-24,4260705920096,1,5.59,-44,5.59,9,38,3,267,24,5,True
2022-09-26,4260705920096,1,5.59,-45,5.59,9,39,3,269,26,0,False
2022-09-28,4260705920096,1,5.59,-39,5.59,9,39,3,271,28,2,False
2022-09-29,4260705920096,1,5.59,-40,5.59,9,39,4,272,29,3,False
2022-09-30,4260705920096,1,5.59,-38,5.59,9,39,4,273,30,4,False
2022-10-01,4260705920096,2,5.59,-40,11.18,10,39,0,274,1,5,True
2022-10-04,4260705920096,1,5.59,-1,5.59,10,40,0,277,4,1,False
2022-10-05,4260705920096,1,5.59,-2,5.59,10,40,0,278,5,2,False
2022-10-06,4260705920096,1,5.59,-3,5.59,10,40,0,279,6,3,False
2022-10-07,4260705920096,1,5.59,-4,5.59,10,40,0,280,7,4,False
2022-10-08,4260705920096,1,5.59,-5,5.59,10,40,1,281,8,5,True
2022-10-10,4260705920096,1,5.59,-6,5.59,10,41,1,283,10,0,False
2022-10-11,4260705920096,1,5.59,-2,5.59,10,41,1,284,11,1,False
2022-10-13,4260705920096,1,5.59,-3,5.59,10,41,1,286,13,3,False
2022-10-15,4260705920096,1,5.59,-4,5.59,10,41,2,288,15,5,True
2022-10-17,4260705920096,1,5.59,-5,5.59,10,42,2,290,17,0,False
2022-10-18,4260705920096,1,5.59,-2,5.59,10,42,2,291,18,1,False
2022-10-20,4260705920096,1,5.59,-3,5.59,10,42,2,293,20,3,False
2022-10-27,4260705920096,1,5.59,-1,5.59,10,43,3,300,27,3,False
2022-10-28,4260705920096,1,5.59,-2,5.59,10,43,3,301,28,4,False
2022-10-29,4260705920096,1,5.59,-3,5.59,10,43,4,302,29,5,True
2022-11-02,4260705920096,1,5.59,-1,5.59,11,44,0,306,2,2,False
2022-11-03,4260705920096,1,5.59,-2,5.59,11,44,0,307,3,3,False
2022-11-04,4260705920096,1,5.59,-3,5.59,11,44,0,308,4,4,False
2022-11-05,4260705920096,1,5.59,-4,5.59,11,44,0,309,5,5,True
2022-11-07,4260705920096,1,5.59,-5,5.59,11,45,0,311,7,0,False
2022-11-08,4260705920096,1,5.59,-2,5.59,11,45,1,312,8,1,False
2022-11-09,4260705920096,1,5.59,-3,5.59,11,45,1,313,9,2,False
2022-11-10,4260705920096,1,5.59,-4,5.59,11,45,1,314,10,3,False
2022-11-11,4260705920096,1,5.59,-5,5.59,11,45,1,315,11,4,False
2022-11-12,4260705920096,1,5.59,-6,5.59,11,45,1,316,12,5,True
2022-11-14,4260705920096,1,5.59,-7,5.59,11,46,1,318,14,0,False
2022-11-16,4260705920096,1,5.59,-2,5.59,11,46,2,320,16,2,False
2022-11-17,4260705920096,1,5.59,-3,5.59,11,46,2,321,17,3,False
2022-11-18,4260705920096,1,5.59,-4,5.59,11,46,2,322,18,4,False
2022-11-25,4260705920096,1,5.59,-1,5.59,11,47,3,329,25,4,False
2022-11-26,4260705920096,1,5.59,-2,5.59,11,47,3,330,26,5,True
2022-11-29,4260705920096,1,5.59,-1,5.59,11,48,4,333,29,1,False
2022-11-30,4260705920096,1,5.59,-2,5.59,11,48,4,334,30,2,False
2022-12-01,4260705920096,1,5.59,-3,5.59,12,48,0,335,1,3,False
2022-12-03,4260705920096,1,5.59,-4,5.59,12,48,0,337,3,5,True
2022-12-07,4260705920096,1,5.59,-1,5.59,12,49,0,341,7,2,False
2022-12-08,4260705920096,1,5.59,-2,5.59,12,49,1,342,8,3,False
2022-12-09,4260705920096,1,5.59,-3,5.59,12,49,1,343,9,4,False
2022-12-13,4260705920096,1,5.59,-1,5.59,12,50,1,347,13,1,False
2022-12-14,4260705920096,1,5.59,-2,5.59,12,50,1,348,14,2,False
2022-12-15,4260705920096,1,5.59,-3,5.59,12,50,2,349,15,3,False
2022-12-16,4260705920096,1,5.59,-4,5.59,12,50,2,350,16,4,False
2022-12-21,4260705920096,1,5.59,-1,5.59,12,51,2,355,21,2,False
2022-12-23,4260705920096,1,5.59,-2,5.59,12,51,3,357,23,4,False
2022-12-29,4260705920096,1,5.59,-1,5.59,12,52,4,363,29,3,False
2022-12-30,4260705920096,1,5.59,-2,5.59,12,52,4,364,30,4,False
2023-01-02,4260705920096,1,5.59,-1,5.59,1,1,0,2,2,0,False
2023-01-04,4260705920096,1,5.59,-2,5.59,1,1,0,4,4,2,False
2023-01-06,4260705920096,1,5.59,-3,5.59,1,1,0,6,6,4,False
2023-01-07,4260705920096,1,5.59,-4,5.59,1,1,0,7,7,5,True
2023-01-09,4260705920096,1,5.59,-1,5.59,1,2,1,9,9,0,False
2023-01-10,4260705920096,1,5.59,-2,5.59,1,2,1,10,10,1,False
2023-01-11,4260705920096,1,5.59,-3,5.59,1,2,1,11,11,2,False
2023-01-12,4260705920096,1,5.59,-4,5.59,1,2,1,12,12,3,False
2023-01-13,4260705920096,1,5.59,-5,5.59,1,2,1,13,13,4,False
2023-01-14,4260705920096,1,5.59,-6,5.59,1,2,1,14,14,5,True
2023-01-16,4260705920096,1,5.59,-7,5.59,1,3,2,16,16,0,False
2023-01-17,4260705920096,1,5.59,-8,5.59,1,3,2,17,17,1,False
2023-01-18,4260705920096,1,5.59,-3,5.59,1,3,2,18,18,2,False
2023-01-19,4260705920096,1,5.59,-4,5.59,1,3,2,19,19,3,False
2023-01-21,4260705920096,1,5.59,-5,5.59,1,3,2,21,21,5,True
2023-01-24,4260705920096,1,5.59,-1,5.59,1,4,3,24,24,1,False
2023-01-25,4260705920096,1,5.59,-2,5.59,1,4,3,25,25,2,False
2023-01-27,4260705920096,1,5.59,-3,5.59,1,4,3,27,27,4,False
2023-01-28,4260705920096,1,5.59,-4,5.59,1,4,3,28,28,5,True
2023-01-31,4260705920096,1,5.59,-1,5.59,1,5,4,31,31,1,False
2023-02-01,4260705920096,1,5.59,-2,5.59,2,5,0,32,1,2,False
2023-02-02,4260705920096,1,5.59,-3,5.59,2,5,0,33,2,3,False
2023-02-04,4260705920096,1,5.59,-4,5.59,2,5,0,35,4,5,True
