Data/Store/4051653300272.csv
Date,ProductID,Quantity,Price,Quantity_perWeek,Price_Total_perOrder,MonthoftheYear,WeekoftheYear,WeekoftheMonth,DayoftheYear,DayoftheMonth,DayoftheWeek,isWeekend
2022-05-09,4260705920058,1,3.49,-1,3.49,5,19,1,129,9,0,False
2022-05-10,4260705920058,1,3.49,-2,3.49,5,19,1,130,10,1,False
2022-05-11,4260705920058,2,3.49,-4,6.98,5,19,1,131,11,2,False
2022-05-13,4260705920058,1,3.49,-5,3.49,5,19,1,133,13,4,False
2022-05-14,4260705920058,1,3.49,-6,3.49,5,19,1,134,14,5,True
2022-05-16,4260705920058,1,3.49,-7,3.49,5,20,2,136,16,0,False
2022-05-17,4260705920058,1,3.49,-8,3.49,5,20,2,137,17,1,False
2022-05-18,4260705920058,1,3.49,-9,3.49,5,20,2,138,18,2,False
2022-05-19,4260705920058,1,3.49,-10,3.49,5,20,2,139,19,3,False
2022-05-20,4260705920058,2,3.49,-12,6.98,5,20,2,140,20,4,False
2022-05-21,4260705920058,2,3.49,-14,6.98,5,20,2,141,21,5,True
2022-05-23,4260705920058,1,3.49,-15,3.49,5,21,3,143,23,0,False
2022-05-24,4260705920058,1,3.49,-16,3.49,5,21,3,144,24,1,False
2022-05-25,4260705920058,2,3.49,-18,6.98,5,21,3,145,25,2,False
2022-05-27,4260705920058,2,3.49,-20,6.98,5,21,3,147,27,4,False
2022-05-28,4260705920058,2,3.49,-22,6.98,5,21,3,148,28,5,True
2022-05-30,4260705920058,1,3.49,-23,3.49,5,22,4,150,30,0,False
2022-05-31,4260705920058,1,3.49,-24,3.49,5,22,4,151,31,1,False
2022-06-01,4260705920058,1,3.49,-25,3.49,6,22,0,152,1,2,False
2022-06-03,4260705920058,1,3.49,-26,3.49,6,22,0,154,3,4,False
2022-06-04,4260705920058,1,3.49,-27,3.49,6,22,0,155,4,5,True
2022-06-07,4260705920058,1,3.49,-28,3.49,6,23,0,158,7,1,False
2022-06-09,4260705920058,1,3.49,-29,3.49,6,23,1,160,9,3,False
2022-06-10,4260705920058,1,3.49,-30,3.49,6,23,1,161,10,4,False
2022-06-11,4260705920058,1,3.49,-31,3.49,6,23,1,162,11,5,True
2022-06-13,4260705920058,1,3.49,-32,3.49,6,24,1,164,13,0,False
2022-06-14,4260705920058,1,3.49,-33,3.49,6,24,1,165,14,1,False
2022-06-15,4260705920058,1,3.49,-34,3.49,6,24,2,166,15,2,False
2022-06-16,4260705920058,1,3.49,-35,3.49,6,24,2,167,16,3,False
2022-06-17,4260705920058,1,3.49,-36,3.49,6,24,2,168,17,4,False
2022-06-18,4260705920058,1,3.49,-37,3.49,6,24,2,169,18,5,True
2022-06-22,4260705920058,1,3.49,-38,3.49,6,25,3,173,22,2,False
2022-06-24,4260705920058,1,3.49,-39,3.49,6,25,3,175,24,4,False
2022-06-25,4260705920058,1,3.49,-40,3.49,6,25,3,176,25,5,True
2022-06-28,4260705920058,1,3.49,-38,3.49,6,26,3,179,28,1,False
2022-06-29,4260705920058,1,3.49,-39,3.49,6,26,4,180,29,2,False
2022-07-01,4260705920058,1,3.49,-40,3.49,7,26,0,182,1,4,False
2022-07-02,4260705920058,1,3.49,-41,3.49,7,26,0,183,2,5,True
2022-07-04,4260705920058,1,3.59,-42,3.59,7,27,0,185,4,0,False
2022-07-05,4260705920058,1,3.59,-39,3.59,7,27,0,186,5,1,False
2022-07-06,4260705920058,1,3.59,-40,3.59,7,27,0,187,6,2,False
2022-07-07,4260705920058,2,3.59,-42,7.18,7,27,0,188,7,3,False
2022-07-09,4260705920058,2,3.59,-44,7.18,7,27,1,190,9,5,True
2022-07-12,4260705920058,1,3.59,-38,3.59,7,28,1,193,12,1,False
2022-07-13,4260705920058,1,3.59,-39,3.59,7,28,1,194,13,2,False
2022-07-14,4260705920058,1,3.59,-40,3.59,7,28,1,195,14,3,False
2022-07-19,4260705920058,1,3.59,-38,3.59,7,29,2,200,19,1,False
2022-07-20,4260705920058,1,3.59,-39,3.59,7,29,2,201,20,2,False
2022-07-21,4260705920058,1,3.59,-40,3.59,7,29,2,202,21,3,False
2022-07-22,4260705920058,1,3.59,-41,3.59,7,29,3,203,22,4,False
2022-07-23,4260705920058,1,3.59,-42,3.59,7,29,3,204,23,5,True
2022-07-25,4260705920058,1,3.59,-43,3.59,7,30,3,206,25,0,False
2022-07-26,4260705920058,1,3.59,-39,3.59,7,30,3,207,26,1,False
2022-07-27,4260705920058,1,3.59,-40,3.59,7,30,3,208,27,2,False
2022-07-30,4260705920058,1,3.59,-41,3.59,7,30,4,211,30,5,True
2022-08-04,4260705920058,2,3.59,-39,7.18,8,31,0,216,4,3,False
2022-08-08,4260705920058,1,3.59,-40,3.59,8,32,1,220,8,0,False
2022-08-09,4260705920058,1,3.59,-39,3.59,8,32,1,221,9,1,False
2022-08-10,4260705920058,1,3.59,-40,3.59,8,32,1,222,10,2,False
2022-08-11,4260705920058,1,3.59,-41,3.59,8,32,1,223,11,3,False
2022-08-17,4260705920058,1,3.59,-38,3.59,8,33,2,229,17,2,False
2022-08-18,4260705920058,1,3.59,-39,3.59,8,33,2,230,18,3,False
2022-08-22,4260705920058,1,3.59,-40,3.59,8,34,3,234,22,0,False
2022-08-25,4260705920058,1,3.59,-39,3.59,8,34,3,237,25,3,False
2022-08-26,4260705920058,1,3.59,-40,3.59,8,34,3,238,26,4,False
2022-08-27,4260705920058,1,3.59,-41,3.59,8,34,3,239,27,5,True
2022-08-29,4260705920058,2,3.59,-43,7.18,8,35,4,241,29,0,False
2022-08-30,4260705920058,1,3.59,-40,3.59,8,35,4,242,30,1,False
2022-08-31,4260705920058,1,3.59,-41,3.59,8,35,4,243,31,2,False
2022-09-01,4260705920058,1,3.59,-42,3.59,9,35,0,244,1,3,False
2022-09-02,4260705920058,1,3.59,-43,3.59,9,35,0,245,2,4,False
2022-09-03,4260705920058,1,3.59,-44,3.59,9,35,0,246,3,5,True
2022-09-05,4260705920058,1,3.59,-45,3.59,9,36,0,248,5,0,False
2022-09-07,4260705920058,1,3.59,-39,3.59,9,36,0,250,7,2,False
2022-09-08,4260705920058,1,3.59,-40,3.59,9,36,1,251,8,3,False
2022-09-09,4260705920058,1,3.59,-41,3.59,9,36,1,252,9,4,False
2022-09-10,4260705920058,2,3.59,-43,7.18,9,36,1,253,10,5,True
2022-09-13,4260705920058,1,3.59,-38,3.59,9,37,1,256,13,1,False
2022-09-14,4260705920058,1,3.59,-39,3.59,9,37,1,257,14,2,False
2022-09-15,4260705920058,1,3.59,-40,3.59,9,37,2,258,15,3,False
2022-09-29,4260705920058,1,3.59,-38,3.59,9,39,4,272,29,3,False
2022-09-30,4260705920058,1,3.59,-38,3.59,9,39,4,273,30,4,False
2022-10-01,4260705920058,1,3.59,-39,3.59,10,39,0,274,1,5,True
2022-10-04,4260705920058,1,3.59,-1,3.59,10,40,0,277,4,1,False
2022-10-06,4260705920058,1,3.59,-2,3.59,10,40,0,279,6,3,False
2022-10-08,4260705920058,1,3.59,-3,3.59,10,40,1,281,8,5,True
2022-10-13,4260705920058,1,3.59,-1,3.59,10,41,1,286,13,3,False
2022-10-14,4260705920058,1,3.59,-2,3.59,10,41,1,287,14,4,False
2022-10-15,4260705920058,1,3.59,-3,3.59,10,41,2,288,15,5,True
2022-10-21,4260705920058,1,3.59,-1,3.59,10,42,2,294,21,4,False
2022-10-22,4260705920058,1,3.59,-2,3.59,10,42,3,295,22,5,True
2022-10-25,4260705920058,1,3.59,-1,3.59,10,43,3,298,25,1,False
2022-10-28,4260705920058,1,3.59,-2,3.59,10,43,3,301,28,4,False
2022-10-29,4260705920058,1,3.59,-3,3.59,10,43,4,302,29,5,True
2022-11-01,4260705920058,1,3.59,-1,3.59,11,44,0,305,1,1,False
2022-11-02,4260705920058,1,3.59,-2,3.59,11,44,0,306,2,2,False
2022-11-03,4260705920058,1,3.59,-3,3.59,11,44,0,307,3,3,False
2022-11-04,4260705920058,1,3.59,-4,3.59,11,44,0,308,4,4,False
2022-11-11,4260705920058,1,3.59,-1,3.59,11,45,1,315,11,4,False
2022-11-18,4260705920058,2,3.59,-2,7.18,11,46,2,322,18,4,False
2022-11-19,4260705920058,1,3.59,-3,3.59,11,46,2,323,19,5,True
2022-11-25,4260705920058,1,3.59,-1,3.59,11,47,3,329,25,4,False
2022-11-26,4260705920058,1,3.59,-2,3.59,11,47,3,330,26,5,True
2022-12-02,4260705920058,1,3.59,-1,3.59,12,48,0,336,2,4,False
2022-12-03,4260705920058,1,3.59,-2,3.59,12,48,0,337,3,5,True
2022-12-05,4260705920058,1,3.59,-3,3.59,12,49,0,339,5,0,False
2022-12-06,4260705920058,1,3.59,-2,3.59,12,49,0,340,6,1,False
2022-12-07,4260705920058,1,3.59,-3,3.59,12,49,0,341,7,2,False
2022-12-09,4260705920058,1,3.59,-4,3.59,12,49,1,343,9,4,False
2022-12-12,4260705920058,1,3.59,-5,3.59,12,50,1,346,12,0,False
2022-12-13,4260705920058,1,3.59,-2,3.59,12,50,1,347,13,1,False
2022-12-14,4260705920058,1,3.59,-3,3.59,12,50,1,348,14,2,False
2022-12-16,4260705920058,1,3.59,-4,3.59,12,50,2,350,16,4,False
2022-12-17,4260705920058,1,3.59,-5,3.59,12,50,2,351,17,5,True
2022-12-20,4260705920058,1,3.59,-1,3.59,12,51,2,354,20,1,False
2022-12-21,4260705920058,1,3.59,-2,3.59,12,51,2,355,21,2,False
2022-12-23,4260705920058,1,3.59,-3,3.59,12,51,3,357,23,4,False
2022-12-28,4260705920058,1,3.59,-1,3.59,12,52,3,362,28,2,False
2022-12-30,4260705920058,1,3.59,-2,3.59,12,52,4,364,30,4,False
2022-12-31,4260705920058,1,3.59,-3,3.59,12,52,4,365,31,5,True
2023-01-02,4260705920058,1,3.59,-1,3.59,1,1,0,2,2,0,False
2023-01-06,4260705920058,1,3.59,-2,3.59,1,1,0,6,6,4,False
2023-01-07,4260705920058,1,3.59,-3,3.59,1,1,0,7,7,5,True
