Data/Store/4051653300272.csv
Date,ProductID,Quantity,Price,Quantity_perWeek,Price_Total_perOrder,MonthoftheYear,WeekoftheYear,WeekoftheMonth,DayoftheYear,DayoftheMonth,DayoftheWeek,isWeekend
2022-05-09,4260705920294,4,14.99,-4,59.96,5,19,1,129,9,0,False
2022-05-10,4260705920294,2,14.99,-6,29.98,5,19,1,130,10,1,False
2022-05-11,4260705920294,4,14.99,-10,59.96,5,19,1,131,11,2,False
2022-05-12,4260705920294,4,14.99,-14,59.96,5,19,1,132,12,3,False
2022-05-13,4260705920294,3,14.99,-17,44.97,5,19,1,133,13,4,False
2022-05-14,4260705920294,6,14.99,-23,89.94,5,19,1,134,14,5,True
2022-05-16,4260705920294,4,14.99,-27,59.96,5,20,2,136,16,0,False
2022-05-17,4260705920294,5,14.99,-32,74.95,5,20,2,137,17,1,False
2022-05-18,4260705920294,5,14.99,-37,74.95,5,20,2,138,18,2,False
2022-05-19,4260705920294,5,14.99,-42,74.95,5,20,2,139,19,3,False
2022-05-20,4260705920294,5,14.99,-47,74.95,5,20,2,140,20,4,False
2022-05-21,4260705920294,3,14.99,-50,44.97,5,20,2,141,21,5,True
2022-05-23,4260705920294,3,14.99,-53,44.97,5,21,3,143,23,0,False
2022-05-24,4260705920294,2,14.99,-55,29.98,5,21,3,144,24,1,False
2022-05-25,4260705920294,4,14.99,-59,59.96,5,21,3,145,25,2,False
2022-05-27,4260705920294,5,14.99,-64,74.95,5,21,3,147,27,4,False
2022-05-28,4260705920294,5,14.99,-69,74.95,5,21,3,148,28,5,True
2022-05-30,4260705920294,3,14.99,-72,44.97,5,22,4,150,30,0,False
2022-05-31,4260705920294,3,14.99,-75,44.97,5,22,4,151,31,1,False
2022-06-01,4260705920294,3,14.99,-78,44.97,6,22,0,152,1,2,False
2022-06-02,4260705920294,5,14.99,-83,74.95,6,22,0,153,2,3,False
2022-06-03,4260705920294,5,14.99,-88,74.95,6,22,0,154,3,4,False
2022-06-04,4260705920294,3,14.99,-91,44.97,6,22,0,155,4,5,True
2022-06-07,4260705920294,5,14.99,-96,74.95,6,23,0,158,7,1,False
2022-06-08,4260705920294,2,14.99,-98,29.98,6,23,1,159,8,2,False
2022-06-09,4260705920294,3,14.99,-101,44.97,6,23,1,160,9,3,False
2022-06-10,4260705920294,6,14.99,-107,89.94,6,23,1,161,10,4,False
2022-06-11,4260705920294,6,14.99,-113,89.94,6,23,1,162,11,5,True
2022-06-13,4260705920294,5,14.99,-118,74.95,6,24,1,164,13,0,False
2022-06-14,4260705920294,3,14.99,-121,44.97,6,24,1,165,14,1,False
2022-06-15,4260705920294,4,14.99,-125,59.96,6,24,2,166,15,2,False
2022-06-16,4260705920294,4,14.99,-129,59.96,6,24,2,167,16,3,False
2022-06-17,4260705920294,2,14.99,-131,29.98,6,24,2,168,17,4,False
2022-06-18,4260705920294,3,14.99,-134,44.97,6,24,2,169,18,5,True
2022-06-20,4260705920294,5,14.99,-139,74.95,6,25,2,171,20,0,False
2022-06-21,4260705920294,2,14.99,-141,29.98,6,25,2,172,21,1,False
2022-06-22,4260705920294,3,14.99,-144,44.97,6,25,3,173,22,2,False
2022-06-23,4260705920294,5,14.99,-149,74.95,6,25,3,174,23,3,False
2022-06-24,4260705920294,3,14.99,-152,44.97,6,25,3,175,24,4,False
2022-06-25,4260705920294,3,14.99,-155,44.97,6,25,3,176,25,5,True
2022-06-27,4260705920294,4,14.99,-159,59.96,6,26,3,178,27,0,False
2022-06-28,4260705920294,3,14.99,-141,44.97,6,26,3,179,28,1,False
2022-06-29,4260705920294,3,14.99,-144,44.97,6,26,4,180,29,2,False
2022-06-30,4260705920294,5,14.99,-149,74.95,6,26,4,181,30,3,False
2022-07-01,4260705920294,5,14.99,-154,74.95,7,26,0,182,1,4,False
2022-07-02,4260705920294,4,14.99,-158,59.96,7,26,0,183,2,5,True
2022-07-04,4260705920294,5,15.99,-163,79.95,7,27,0,185,4,0,False
2022-07-05,4260705920294,4,15.99,-143,63.96,7,27,0,186,5,1,False
2022-07-06,4260705920294,3,15.99,-146,47.97,7,27,0,187,6,2,False
2022-07-07,4260705920294,3,15.99,-149,47.97,7,27,0,188,7,3,False
2022-07-08,4260705920294,3,15.99,-152,47.97,7,27,1,189,8,4,False
2022-07-09,4260705920294,6,15.99,-158,95.94,7,27,1,190,9,5,True
2022-07-11,4260705920294,5,15.99,-163,79.95,7,28,1,192,11,0,False
2022-07-12,4260705920294,4,15.99,-143,63.96,7,28,1,193,12,1,False
2022-07-13,4260705920294,5,15.99,-148,79.95,7,28,1,194,13,2,False
2022-07-14,4260705920294,4,15.99,-152,63.96,7,28,1,195,14,3,False
2022-07-15,4260705920294,4,15.99,-156,63.96,7,28,2,196,15,4,False
2022-07-18,4260705920294,3,15.99,-159,47.97,7,29,2,199,18,0,False
2022-07-19,4260705920294,4,15.99,-141,63.96,7,29,2,200,19,1,False
2022-07-20,4260705920294,3,15.99,-144,47.97,7,29,2,201,20,2,False
2022-07-21,4260705920294,2,15.99,-146,31.98,7,29,2,202,21,3,False
2022-07-22,4260705920294,5,15.99,-151,79.95,7,29,3,203,22,4,False
2022-07-23,4260705920294,5,15.99,-156,79.95,7,29,3,204,23,5,True
2022-07-25,4260705920294,3,15.99,-159,47.97,7,30,3,206,25,0,False
2022-07-26,4260705920294,2,15.99,-139,31.98,7,30,3,207,26,1,False
2022-07-27,4260705920294,3,15.99,-142,47.97,7,30,3,208,27,2,False
2022-07-28,4260705920294,2,15.99,-144,31.98,7,30,3,209,28,3,False
2022-07-29,4260705920294,4,15.99,-148,63.96,7,30,4,210,29,4,False
2022-07-30,4260705920294,4,15.99,-152,63.96,7,30,4,211,30,5,True
2022-08-01,4260705920294,5,15.99,-157,79.95,8,31,0,213,1,0,False
2022-08-02,4260705920294,3,15.99,-142,47.97,8,31,0,214,2,1,False
2022-08-03,4260705920294,3,15.99,-145,47.97,8,31,0,215,3,2,False
2022-08-04,4260705920294,2,15.99,-147,31.98,8,31,0,216,4,3,False
2022-08-05,4260705920294,4,15.99,-151,63.96,8,31,0,217,5,4,False
2022-08-06,4260705920294,4,15.99,-155,63.96,8,31,0,218,6,5,True
2022-08-08,4260705920294,1,15.99,-156,15.99,8,32,1,220,8,0,False
2022-08-09,4260705920294,4,15.99,-139,63.96,8,32,1,221,9,1,False
2022-08-10,4260705920294,4,15.99,-143,63.96,8,32,1,222,10,2,False
2022-08-11,4260705920294,3,15.99,-146,47.97,8,32,1,223,11,3,False
2022-08-12,4260705920294,5,15.99,-151,79.95,8,32,1,224,12,4,False
2022-08-13,4260705920294,2,15.99,-153,31.98,8,32,1,225,13,5,True
2022-08-15,4260705920294,3,15.99,-156,47.97,8,33,2,227,15,0,False
2022-08-16,4260705920294,3,15.99,-140,47.97,8,33,2,228,16,1,False
2022-08-17,4260705920294,4,15.99,-144,63.96,8,33,2,229,17,2,False
2022-08-18,4260705920294,4,15.99,-148,63.96,8,33,2,230,18,3,False
2022-08-19,4260705920294,4,15.99,-152,63.96,8,33,2,231,19,4,False
2022-08-20,4260705920294,5,15.99,-157,79.95,8,33,2,232,20,5,True
2022-08-22,4260705920294,2,15.99,-159,31.98,8,34,3,234,22,0,False
2022-08-23,4260705920294,1,15.99,-137,15.99,8,34,3,235,23,1,False
2022-08-24,4260705920294,2,15.99,-139,31.98,8,34,3,236,24,2,False
2022-08-25,4260705920294,4,15.99,-143,63.96,8,34,3,237,25,3,False
2022-08-26,4260705920294,4,15.99,-147,63.96,8,34,3,238,26,4,False
2022-08-27,4260705920294,5,15.99,-152,79.95,8,34,3,239,27,5,True
2022-08-29,4260705920294,4,15.99,-156,63.96,8,35,4,241,29,0,False
2022-08-30,4260705920294,4,15.99,-142,63.96,8,35,4,242,30,1,False
2022-08-31,4260705920294,3,15.99,-145,47.97,8,35,4,243,31,2,False
2022-09-01,4260705920294,3,15.99,-148,47.97,9,35,0,244,1,3,False
2022-09-02,4260705920294,4,15.99,-152,63.96,9,35,0,245,2,4,False
2022-09-05,4260705920294,4,15.99,-156,63.96,9,36,0,248,5,0,False
2022-09-06,4260705920294,3,15.99,-141,47.97,9,36,0,249,6,1,False
2022-09-07,4260705920294,2,15.99,-143,31.98,9,36,0,250,7,2,False
2022-09-08,4260705920294,4,15.99,-147,63.96,9,36,1,251,8,3,False
2022-09-09,4260705920294,5,15.99,-152,79.95,9,36,1,252,9,4,False
2022-09-10,4260705920294,2,15.99,-154,31.98,9,36,1,253,10,5,True
2022-09-13,4260705920294,4,15.99,-138,63.96,9,37,1,256,13,1,False
2022-09-14,4260705920294,3,15.99,-141,47.97,9,37,1,257,14,2,False
2022-09-15,4260705920294,2,15.99,-143,31.98,9,37,2,258,15,3,False
2022-09-17,4260705920294,3,15.99,-146,47.97,9,37,2,260,17,5,True
2022-09-19,4260705920294,3,15.99,-149,47.97,9,38,2,262,19,0,False
2022-09-20,4260705920294,3,15.99,-140,47.97,9,38,2,263,20,1,False
2022-09-21,4260705920294,4,15.99,-144,63.96,9,38,2,264,21,2,False
2022-09-22,4260705920294,4,15.99,-148,63.96,9,38,3,265,22,3,False
2022-09-23,4260705920294,1,15.99,-149,15.99,9,38,3,266,23,4,False
2022-09-24,4260705920294,2,15.99,-151,31.98,9,38,3,267,24,5,True
2022-09-26,4260705920294,4,15.99,-155,63.96,9,39,3,269,26,0,False
2022-09-27,4260705920294,4,15.99,-142,63.96,9,39,3,270,27,1,False
2022-09-29,4260705920294,2,15.99,-144,31.98,9,39,4,272,29,3,False
2022-09-30,4260705920294,6,15.99,-140,95.94,9,39,4,273,30,4,False
2022-10-01,4260705920294,4,15.99,-144,63.96,10,39,0,274,1,5,True
2022-10-04,4260705920294,3,15.99,-3,47.97,10,40,0,277,4,1,False
2022-10-05,4260705920294,3,15.99,-6,47.97,10,40,0,278,5,2,False
2022-10-06,4260705920294,4,15.99,-10,63.96,10,40,0,279,6,3,False
2022-10-07,4260705920294,2,15.99,-12,31.98,10,40,0,280,7,4,False
2022-10-08,4260705920294,4,15.99,-16,63.96,10,40,1,281,8,5,True
2022-10-10,4260705920294,2,15.99,-18,31.98,10,41,1,283,10,0,False
2022-10-11,4260705920294,1,15.99,-3,15.99,10,41,1,284,11,1,False
2022-10-12,4260705920294,2,15.99,-5,31.98,10,41,1,285,12,2,False
2022-10-13,4260705920294,4,15.99,-9,63.96,10,41,1,286,13,3,False
2022-10-14,4260705920294,4,15.99,-13,63.96,10,41,1,287,14,4,False
2022-10-15,4260705920294,4,15.99,-17,63.96,10,41,2,288,15,5,True
2022-10-17,4260705920294,2,15.99,-19,31.98,10,42,2,290,17,0,False
2022-10-18,4260705920294,2,15.99,-4,31.98,10,42,2,291,18,1,False
2022-10-19,4260705920294,1,15.99,-5,15.99,10,42,2,292,19,2,False
2022-10-20,4260705920294,4,15.99,-9,63.96,10,42,2,293,20,3,False
2022-10-21,4260705920294,4,15.99,-13,63.96,10,42,2,294,21,4,False
2022-10-22,4260705920294,4,15.99,-17,63.96,10,42,3,295,22,5,True
2022-10-25,4260705920294,2,15.99,-2,31.98,10,43,3,298,25,1,False
2022-10-26,4260705920294,4,15.99,-6,63.96,10,43,3,299,26,2,False
2022-10-27,4260705920294,4,15.99,-10,63.96,10,43,3,300,27,3,False
2022-10-28,4260705920294,4,15.99,-14,63.96,10,43,3,301,28,4,False
2022-10-29,4260705920294,2,15.99,-16,31.98,10,43,4,302,29,5,True
2022-11-01,4260705920294,3,15.99,-3,47.97,11,44,0,305,1,1,False
2022-11-02,4260705920294,4,15.99,-7,63.96,11,44,0,306,2,2,False
2022-11-03,4260705920294,2,15.99,-9,31.98,11,44,0,307,3,3,False
2022-11-04,4260705920294,4,15.99,-13,63.96,11,44,0,308,4,4,False
2022-11-05,4260705920294,4,15.99,-17,63.96,11,44,0,309,5,5,True
2022-11-08,4260705920294,3,15.99,-3,47.97,11,45,1,312,8,1,False
2022-11-09,4260705920294,4,15.99,-7,63.96,11,45,1,313,9,2,False
2022-11-10,4260705920294,1,15.99,-8,15.99,11,45,1,314,10,3,False
2022-11-11,4260705920294,4,15.99,-12,63.96,11,45,1,315,11,4,False
2022-11-12,4260705920294,4,15.99,-16,63.96,11,45,1,316,12,5,True
2022-11-14,4260705920294,3,15.99,-19,47.97,11,46,1,318,14,0,False
2022-11-15,4260705920294,1,15.99,-4,15.99,11,46,2,319,15,1,False
2022-11-16,4260705920294,1,15.99,-5,15.99,11,46,2,320,16,2,False
2022-11-17,4260705920294,2,15.99,-7,31.98,11,46,2,321,17,3,False
2022-11-18,4260705920294,4,15.99,-11,63.96,11,46,2,322,18,4,False
2022-11-19,4260705920294,1,15.99,-12,15.99,11,46,2,323,19,5,True
2022-11-21,4260705920294,2,15.99,-14,31.98,11,47,2,325,21,0,False
2022-11-22,4260705920294,3,15.99,-5,47.97,11,47,3,326,22,1,False
2022-11-23,4260705920294,2,15.99,-7,31.98,11,47,3,327,23,2,False
2022-11-24,4260705920294,4,15.99,-11,63.96,11,47,3,328,24,3,False
2022-11-25,4260705920294,4,15.99,-15,63.96,11,47,3,329,25,4,False
2022-11-26,4260705920294,4,15.99,-19,63.96,11,47,3,330,26,5,True
2022-11-28,4260705920294,2,15.99,-21,31.98,11,48,3,332,28,0,False
2022-11-29,4260705920294,3,15.99,-5,47.97,11,48,4,333,29,1,False
2022-11-30,4260705920294,3,15.99,-8,47.97,11,48,4,334,30,2,False
2022-12-01,4260705920294,1,15.99,-9,15.99,12,48,0,335,1,3,False
2022-12-02,4260705920294,4,15.99,-13,63.96,12,48,0,336,2,4,False
2022-12-03,4260705920294,1,15.99,-14,15.99,12,48,0,337,3,5,True
2022-12-05,4260705920294,3,15.99,-17,47.97,12,49,0,339,5,0,False
2022-12-06,4260705920294,1,15.99,-4,15.99,12,49,0,340,6,1,False
2022-12-07,4260705920294,2,15.99,-6,31.98,12,49,0,341,7,2,False
2022-12-08,4260705920294,1,15.99,-7,15.99,12,49,1,342,8,3,False
2022-12-09,4260705920294,3,15.99,-10,47.97,12,49,1,343,9,4,False
2022-12-10,4260705920294,3,15.99,-13,47.97,12,49,1,344,10,5,True
2022-12-12,4260705920294,3,15.99,-16,47.97,12,50,1,346,12,0,False
2022-12-13,4260705920294,3,15.99,-6,47.97,12,50,1,347,13,1,False
2022-12-14,4260705920294,2,15.99,-8,31.98,12,50,1,348,14,2,False
2022-12-15,4260705920294,3,15.99,-11,47.97,12,50,2,349,15,3,False
2022-12-16,4260705920294,3,15.99,-14,47.97,12,50,2,350,16,4,False
2022-12-17,4260705920294,4,15.99,-18,63.96,12,50,2,351,17,5,True
2022-12-19,4260705920294,3,15.99,-21,47.97,12,51,2,353,19,0,False
2022-12-20,4260705920294,3,15.99,-6,47.97,12,51,2,354,20,1,False
2022-12-21,4260705920294,3,15.99,-9,47.97,12,51,2,355,21,2,False
2022-12-22,4260705920294,4,15.99,-13,63.96,12,51,3,356,22,3,False
2022-12-23,4260705920294,3,15.99,-16,47.97,12,51,3,357,23,4,False
2022-12-24,4260705920294,1,15.99,-17,15.99,12,51,3,358,24,5,True
2022-12-27,4260705920294,2,15.99,-2,31.98,12,52,3,361,27,1,False
2022-12-28,4260705920294,3,15.99,-5,47.97,12,52,3,362,28,2,False
2022-12-29,4260705920294,3,15.99,-8,47.97,12,52,4,363,29,3,False
2022-12-30,4260705920294,4,15.99,-12,63.96,12,52,4,364,30,4,False
2022-12-31,4260705920294,2,15.99,-14,31.98,12,52,4,365,31,5,True
2023-01-02,4260705920294,2,15.99,-2,31.98,1,1,0,2,2,0,False
2023-01-03,4260705920294,1,15.99,-3,15.99,1,1,0,3,3,1,False
2023-01-04,4260705920294,4,15.99,-7,63.96,1,1,0,4,4,2,False
2023-01-05,4260705920294,3,15.99,-10,47.97,1,1,0,5,5,3,False
2023-01-06,4260705920294,5,15.99,-15,79.95,1,1,0,6,6,4,False
2023-01-07,4260705920294,3,15.99,-18,47.97,1,1,0,7,7,5,True
2023-01-09,4260705920294,3,15.99,-3,47.97,1,2,1,9,9,0,False
2023-01-10,4260705920294,1,15.99,-4,15.99,1,2,1,10,10,1,False
2023-01-11,4260705920294,4,15.99,-8,63.96,1,2,1,11,11,2,False
2023-01-12,4260705920294,3,15.99,-11,47.97,1,2,1,12,12,3,False
2023-01-13,4260705920294,4,15.99,-15,63.96,1,2,1,13,13,4,False
2023-01-14,4260705920294,4,15.99,-19,63.96,1,2,1,14,14,5,True
2023-01-16,4260705920294,3,15.99,-22,47.97,1,3,2,16,16,0,False
2023-01-17,4260705920294,2,15.99,-24,31.98,1,3,2,17,17,1,False
2023-01-18,4260705920294,2,15.99,-7,31.98,1,3,2,18,18,2,False
2023-01-19,4260705920294,3,15.99,-10,47.97,1,3,2,19,19,3,False
2023-01-20,4260705920294,4,15.99,-14,63.96,1,3,2,20,20,4,False
2023-01-21,4260705920294,2,15.99,-16,31.98,1,3,2,21,21,5,True
2023-01-23,4260705920294,3,15.99,-3,47.97,1,4,3,23,23,0,False
2023-01-24,4260705920294,1,15.99,-4,15.99,1,4,3,24,24,1,False
2023-01-25,4260705920294,1,15.99,-5,15.99,1,4,3,25,25,2,False
2023-01-26,4260705920294,2,15.99,-7,31.98,1,4,3,26,26,3,False
2023-01-27,4260705920294,4,15.99,-11,63.96,1,4,3,27,27,4,False
2023-01-28,4260705920294,3,15.99,-14,47.97,1,4,3,28,28,5,True
2023-01-30,4260705920294,1,15.99,-1,15.99,1,5,4,30,30,0,False
2023-02-01,4260705920294,2,15.99,-6,31.98,2,5,0,32,1,2,False
2023-02-02,4260705920294,2,15.99,-8,31.98,2,5,0,33,2,3,False
2023-02-03,4260705920294,4,15.99,-12,63.96,2,5,0,34,3,4,False
2023-02-04,4260705920294,4,15.99,-16,63.96,2,5,0,35,4,5,True
