Data/Store/4051653300272.csv
Date,ProductID,Quantity,Price,Quantity_perWeek,Price_Total_perOrder,MonthoftheYear,WeekoftheYear,WeekoftheMonth,DayoftheYear,DayoftheMonth,DayoftheWeek,isWeekend
2022-05-13,4260705920003,1,3.29,-1,3.29,5,19,1,133,13,4,False
2022-05-14,4260705920003,1,3.29,-2,3.29,5,19,1,134,14,5,True
2022-05-16,4260705920003,1,3.29,-3,3.29,5,20,2,136,16,0,False
2022-05-17,4260705920003,1,3.29,-4,3.29,5,20,2,137,17,1,False
2022-05-20,4260705920003,1,3.29,-5,3.29,5,20,2,140,20,4,False
2022-05-21,4260705920003,1,3.29,-6,3.29,5,20,2,141,21,5,True
2022-05-24,4260705920003,1,3.29,-7,3.29,5,21,3,144,24,1,False
2022-05-28,4260705920003,1,3.29,-8,3.29,5,21,3,148,28,5,True
2022-05-30,4260705920003,1,3.29,-9,3.29,5,22,4,150,30,0,False
2022-05-31,4260705920003,1,3.29,-10,3.29,5,22,4,151,31,1,False
2022-06-01,4260705920003,1,3.29,-11,3.29,6,22,0,152,1,2,False
2022-06-04,4260705920003,1,3.29,-12,3.29,6,22,0,155,4,5,True
2022-06-07,4260705920003,1,3.29,-13,3.29,6,23,0,158,7,1,False
2022-06-08,4260705920003,1,3.29,-14,3.29,6,23,1,159,8,2,False
2022-06-09,4260705920003,1,3.29,-15,3.29,6,23,1,160,9,3,False
2022-06-10,4260705920003,1,3.29,-16,3.29,6,23,1,161,10,4,False
2022-06-11,4260705920003,1,3.29,-17,3.29,6,23,1,162,11,5,True
2022-06-13,4260705920003,1,3.29,-18,3.29,6,24,1,164,13,0,False
2022-06-14,4260705920003,1,3.29,-19,3.29,6,24,1,165,14,1,False
2022-06-15,4260705920003,1,3.29,-20,3.29,6,24,2,166,15,2,False
2022-06-16,4260705920003,1,3.29,-21,3.29,6,24,2,167,16,3,False
2022-06-18,4260705920003,1,3.29,-22,3.29,6,24,2,169,18,5,True
2022-06-20,4260705920003,1,3.29,-23,3.29,6,25,2,171,20,0,False
2022-06-21,4260705920003,1,3.29,-24,3.29,6,25,2,172,21,1,False
2022-06-22,4260705920003,1,3.29,-25,3.29,6,25,3,173,22,2,False
2022-06-23,4260705920003,1,3.29,-26,3.29,6,25,3,174,23,3,False
2022-06-24,4260705920003,1,3.29,-27,3.29,6,25,3,175,24,4,False
2022-06-27,4260705920003,1,3.29,-28,3.29,6,26,3,178,27,0,False
2022-06-29,4260705920003,1,3.29,-24,3.29,6,26,4,180,29,2,False
2022-06-30,4260705920003,1,3.29,-25,3.29,6,26,4,181,30,3,False
2022-07-02,4260705920003,1,3.29,-26,3.29,7,26,0,183,2,5,True
2022-07-05,4260705920003,1,3.39,-23,3.39,7,27,0,186,5,1,False
2022-07-09,4260705920003,1,3.39,-24,3.39,7,27,1,190,9,5,True
2022-07-11,4260705920003,1,3.39,-25,3.39,7,28,1,192,11,0,False
2022-07-12,4260705920003,1,3.39,-24,3.39,7,28,1,193,12,1,False
2022-07-13,4260705920003,1,3.39,-25,3.39,7,28,1,194,13,2,False
2022-07-15,4260705920003,1,3.39,-26,3.39,7,28,2,196,15,4,False
2022-07-16,4260705920003,1,3.39,-27,3.39,7,28,2,197,16,5,True
2022-07-18,4260705920003,1,3.39,-28,3.39,7,29,2,199,18,0,False
2022-07-19,4260705920003,1,3.39,-24,3.39,7,29,2,200,19,1,False
2022-07-20,4260705920003,1,3.39,-25,3.39,7,29,2,201,20,2,False
2022-07-22,4260705920003,1,3.39,-26,3.39,7,29,3,203,22,4,False
2022-07-23,4260705920003,1,3.39,-27,3.39,7,29,3,204,23,5,True
2022-07-30,4260705920003,1,3.39,-23,3.39,7,30,4,211,30,5,True
2022-08-03,4260705920003,1,3.39,-23,3.39,8,31,0,215,3,2,False
2022-08-04,4260705920003,1,3.39,-24,3.39,8,31,0,216,4,3,False
2022-08-05,4260705920003,1,3.39,-25,3.39,8,31,0,217,5,4,False
2022-08-10,4260705920003,1,3.39,-23,3.39,8,32,1,222,10,2,False
2022-08-11,4260705920003,1,3.39,-24,3.39,8,32,1,223,11,3,False
2022-08-12,4260705920003,1,3.39,-25,3.39,8,32,1,224,12,4,False
2022-08-13,4260705920003,1,3.39,-26,3.39,8,32,1,225,13,5,True
2022-08-19,4260705920003,1,3.39,-23,3.39,8,33,2,231,19,4,False
2022-08-20,4260705920003,2,3.39,-25,6.78,8,33,2,232,20,5,True
2022-08-23,4260705920003,1,3.39,-23,3.39,8,34,3,235,23,1,False
2022-08-24,4260705920003,1,3.39,-24,3.39,8,34,3,236,24,2,False
2022-08-27,4260705920003,1,3.39,-25,3.39,8,34,3,239,27,5,True
2022-08-29,4260705920003,1,3.39,-26,3.39,8,35,4,241,29,0,False
2022-08-30,4260705920003,1,3.39,-24,3.39,8,35,4,242,30,1,False
2022-08-31,4260705920003,1,3.39,-25,3.39,8,35,4,243,31,2,False
2022-09-01,4260705920003,1,3.39,-26,3.39,9,35,0,244,1,3,False
2022-09-02,4260705920003,1,3.39,-27,3.39,9,35,0,245,2,4,False
2022-09-03,4260705920003,1,3.39,-28,3.39,9,35,0,246,3,5,True
2022-09-05,4260705920003,1,3.39,-29,3.39,9,36,0,248,5,0,False
2022-09-06,4260705920003,1,3.39,-24,3.39,9,36,0,249,6,1,False
2022-09-09,4260705920003,1,3.39,-25,3.39,9,36,1,252,9,4,False
2022-09-10,4260705920003,1,3.39,-26,3.39,9,36,1,253,10,5,True
2022-09-13,4260705920003,1,3.39,-23,3.39,9,37,1,256,13,1,False
2022-09-14,4260705920003,1,3.39,-24,3.39,9,37,1,257,14,2,False
2022-09-29,4260705920003,1,3.39,-23,3.39,9,39,4,272,29,3,False
2022-10-01,4260705920003,1,3.39,-23,3.39,10,39,0,274,1,5,True
2022-10-04,4260705920003,1,3.39,-1,3.39,10,40,0,277,4,1,False
2022-10-06,4260705920003,1,3.39,-2,3.39,10,40,0,279,6,3,False
2022-10-07,4260705920003,1,3.39,-3,3.39,10,40,0,280,7,4,False
2022-10-08,4260705920003,1,3.39,-4,3.39,10,40,1,281,8,5,True
2022-10-11,4260705920003,1,3.39,-1,3.39,10,41,1,284,11,1,False
2022-10-12,4260705920003,1,3.39,-2,3.39,10,41,1,285,12,2,False
2022-10-17,4260705920003,1,3.39,-3,3.39,10,42,2,290,17,0,False
2022-10-20,4260705920003,1,3.39,-2,3.39,10,42,2,293,20,3,False
2022-10-21,4260705920003,1,3.39,-3,3.39,10,42,2,294,21,4,False
2022-10-24,4260705920003,1,3.39,-4,3.39,10,43,3,297,24,0,False
2022-10-27,4260705920003,1,3.39,-2,3.39,10,43,3,300,27,3,False
2022-10-29,4260705920003,1,3.39,-3,3.39,10,43,4,302,29,5,True
2022-11-18,4260705920003,2,3.39,-2,6.78,11,46,2,322,18,4,False
2022-05-13,4260705920331,1,8.49,-1,8.49,5,19,1,133,13,4,False
2022-05-14,4260705920331,1,8.49,-2,8.49,5,19,1,134,14,5,True
2022-05-18,4260705920331,1,8.49,-3,8.49,5,20,2,138,18,2,False
2022-05-20,4260705920331,1,8.49,-4,8.49,5,20,2,140,20,4,False
2022-05-25,4260705920331,1,8.49,-5,8.49,5,21,3,145,25,2,False
2022-05-27,4260705920331,1,8.49,-6,8.49,5,21,3,147,27,4,False
2022-05-28,4260705920331,1,8.49,-7,8.49,5,21,3,148,28,5,True
2022-05-31,4260705920331,1,8.49,-8,8.49,5,22,4,151,31,1,False
2022-06-02,4260705920331,1,8.49,-9,8.49,6,22,0,153,2,3,False
2022-06-03,4260705920331,1,8.49,-10,8.49,6,22,0,154,3,4,False
2022-06-04,4260705920331,1,8.49,-11,8.49,6,22,0,155,4,5,True
2022-06-08,4260705920331,1,8.49,-12,8.49,6,23,1,159,8,2,False
2022-06-10,4260705920331,1,8.49,-13,8.49,6,23,1,161,10,4,False
2022-06-11,4260705920331,1,8.49,-14,8.49,6,23,1,162,11,5,True
2022-06-14,4260705920331,1,8.49,-15,8.49,6,24,1,165,14,1,False
2022-06-15,4260705920331,1,8.49,-16,8.49,6,24,2,166,15,2,False
2022-06-16,4260705920331,1,8.49,-17,8.49,6,24,2,167,16,3,False
2022-06-18,4260705920331,1,8.49,-18,8.49,6,24,2,169,18,5,True
2022-06-20,4260705920331,1,8.49,-19,8.49,6,25,2,171,20,0,False
2022-06-21,4260705920331,1,8.49,-20,8.49,6,25,2,172,21,1,False
2022-06-22,4260705920331,1,8.49,-21,8.49,6,25,3,173,22,2,False
2022-06-23,4260705920331,1,8.49,-22,8.49,6,25,3,174,23,3,False
2022-06-24,4260705920331,1,8.49,-23,8.49,6,25,3,175,24,4,False
2022-06-25,4260705920331,1,8.49,-24,8.49,6,25,3,176,25,5,True
2022-06-27,4260705920331,1,8.49,-25,8.49,6,26,3,178,27,0,False
2022-06-28,4260705920331,1,8.49,-20,8.49,6,26,3,179,28,1,False
2022-06-29,4260705920331,1,8.49,-21,8.49,6,26,4,180,29,2,False
2022-06-30,4260705920331,1,8.49,-22,8.49,6,26,4,181,30,3,False
2022-07-01,4260705920331,1,8.49,-23,8.49,7,26,0,182,1,4,False
2022-07-05,4260705920331,1,8.69,-19,8.69,7,27,0,186,5,1,False
2022-07-06,4260705920331,1,8.69,-20,8.69,7,27,0,187,6,2,False
2022-07-08,4260705920331,1,8.69,-21,8.69,7,27,1,189,8,4,False
2022-07-09,4260705920331,3,8.69,-24,26.07,7,27,1,190,9,5,True
2022-07-11,4260705920331,1,8.69,-25,8.69,7,28,1,192,11,0,False
2022-07-13,4260705920331,1,8.69,-20,8.69,7,28,1,194,13,2,False
2022-07-15,4260705920331,1,8.69,-21,8.69,7,28,2,196,15,4,False
2022-07-16,4260705920331,1,8.69,-22,8.69,7,28,2,197,16,5,True
2022-07-20,4260705920331,1,8.69,-19,8.69,7,29,2,201,20,2,False
2022-07-21,4260705920331,1,8.69,-20,8.69,7,29,2,202,21,3,False
2022-07-22,4260705920331,1,8.69,-21,8.69,7,29,3,203,22,4,False
2022-07-23,4260705920331,1,8.69,-22,8.69,7,29,3,204,23,5,True
2022-07-27,4260705920331,1,8.69,-19,8.69,7,30,3,208,27,2,False
2022-07-29,4260705920331,1,8.69,-20,8.69,7,30,4,210,29,4,False
2022-07-30,4260705920331,1,8.69,-21,8.69,7,30,4,211,30,5,True
2022-08-02,4260705920331,1,8.69,-19,8.69,8,31,0,214,2,1,False
2022-08-03,4260705920331,1,8.69,-20,8.69,8,31,0,215,3,2,False
2022-08-04,4260705920331,1,8.69,-21,8.69,8,31,0,216,4,3,False
2022-08-05,4260705920331,1,8.69,-22,8.69,8,31,0,217,5,4,False
2022-08-06,4260705920331,1,8.69,-23,8.69,8,31,0,218,6,5,True
2022-08-08,4260705920331,1,8.69,-24,8.69,8,32,1,220,8,0,False
2022-08-09,4260705920331,1,8.69,-20,8.69,8,32,1,221,9,1,False
2022-08-10,4260705920331,1,8.69,-21,8.69,8,32,1,222,10,2,False
2022-08-11,4260705920331,1,8.69,-22,8.69,8,32,1,223,11,3,False
2022-08-12,4260705920331,1,8.69,-23,8.69,8,32,1,224,12,4,False
2022-08-15,4260705920331,1,8.69,-24,8.69,8,33,2,227,15,0,False
2022-08-17,4260705920331,1,8.69,-20,8.69,8,33,2,229,17,2,False
2022-08-22,4260705920331,1,8.69,-21,8.69,8,34,3,234,22,0,False
2022-08-23,4260705920331,1,8.69,-20,8.69,8,34,3,235,23,1,False
2022-08-24,4260705920331,1,8.69,-21,8.69,8,34,3,236,24,2,False
2022-08-25,4260705920331,1,8.69,-22,8.69,8,34,3,237,25,3,False
2022-08-26,4260705920331,1,8.69,-23,8.69,8,34,3,238,26,4,False
2022-08-27,4260705920331,1,8.69,-24,8.69,8,34,3,239,27,5,True
2022-08-29,4260705920331,2,8.69,-26,17.38,8,35,4,241,29,0,False
2022-08-30,4260705920331,1,8.69,-21,8.69,8,35,4,242,30,1,False
2022-08-31,4260705920331,3,8.69,-24,26.07,8,35,4,243,31,2,False
2022-09-01,4260705920331,1,8.69,-25,8.69,9,35,0,244,1,3,False
2022-09-02,4260705920331,1,8.69,-26,8.69,9,35,0,245,2,4,False
2022-09-03,4260705920331,1,8.69,-27,8.69,9,35,0,246,3,5,True
2022-09-05,4260705920331,1,8.69,-28,8.69,9,36,0,248,5,0,False
2022-09-07,4260705920331,1,8.69,-20,8.69,9,36,0,250,7,2,False
2022-09-08,4260705920331,1,8.69,-21,8.69,9,36,1,251,8,3,False
2022-09-09,4260705920331,1,8.69,-22,8.69,9,36,1,252,9,4,False
2022-09-10,4260705920331,1,8.69,-23,8.69,9,36,1,253,10,5,True
2022-09-12,4260705920331,1,8.69,-24,8.69,9,37,1,255,12,0,False
2022-09-13,4260705920331,1,8.69,-20,8.69,9,37,1,256,13,1,False
2022-09-15,4260705920331,1,8.69,-21,8.69,9,37,2,258,15,3,False
2022-09-16,4260705920331,1,8.69,-22,8.69,9,37,2,259,16,4,False
2022-09-17,4260705920331,1,8.69,-23,8.69,9,37,2,260,17,5,True
2022-09-19,4260705920331,1,8.69,-24,8.69,9,38,2,262,19,0,False
2022-09-22,4260705920331,1,8.69,-20,8.69,9,38,3,265,22,3,False
2022-09-26,4260705920331,1,8.69,-21,8.69,9,39,3,269,26,0,False
2022-09-27,4260705920331,1,8.69,-20,8.69,9,39,3,270,27,1,False
2022-09-28,4260705920331,1,8.69,-21,8.69,9,39,3,271,28,2,False
2022-09-30,4260705920331,1,8.69,-19,8.69,9,39,4,273,30,4,False
2022-10-01,4260705920331,1,8.69,-20,8.69,10,39,0,274,1,5,True
2022-10-04,4260705920331,1,8.69,-1,8.69,10,40,0,277,4,1,False
2022-10-05,4260705920331,1,8.69,-2,8.69,10,40,0,278,5,2,False
2022-10-06,4260705920331,1,8.69,-3,8.69,10,40,0,279,6,3,False
2022-10-07,4260705920331,1,8.69,-4,8.69,10,40,0,280,7,4,False
2022-10-12,4260705920331,1,8.69,-1,8.69,10,41,1,285,12,2,False
2022-10-13,4260705920331,1,8.69,-2,8.69,10,41,1,286,13,3,False
2022-10-18,4260705920331,1,8.69,-1,8.69,10,42,2,291,18,1,False
2022-10-19,4260705920331,1,8.69,-2,8.69,10,42,2,292,19,2,False
2022-10-20,4260705920331,1,8.69,-3,8.69,10,42,2,293,20,3,False
2022-10-21,4260705920331,1,8.69,-4,8.69,10,42,2,294,21,4,False
2022-10-22,4260705920331,1,8.69,-5,8.69,10,42,3,295,22,5,True
2022-10-24,4260705920331,1,8.69,-6,8.69,10,43,3,297,24,0,False
2022-11-01,4260705920331,1,8.69,-1,8.69,11,44,0,305,1,1,False
2022-11-02,4260705920331,1,8.69,-2,8.69,11,44,0,306,2,2,False
2022-11-03,4260705920331,1,8.69,-3,8.69,11,44,0,307,3,3,False
2022-11-04,4260705920331,1,8.69,-4,8.69,11,44,0,308,4,4,False
2022-11-05,4260705920331,1,8.69,-5,8.69,11,44,0,309,5,5,True
2022-11-10,4260705920331,1,8.69,-1,8.69,11,45,1,314,10,3,False
2022-11-11,4260705920331,1,8.69,-2,8.69,11,45,1,315,11,4,False
2022-11-12,4260705920331,1,8.69,-3,8.69,11,45,1,316,12,5,True
2022-11-14,4260705920331,1,8.69,-4,8.69,11,46,1,318,14,0,False
2022-11-15,4260705920331,1,8.69,-2,8.69,11,46,2,319,15,1,False
2022-11-16,4260705920331,1,8.69,-3,8.69,11,46,2,320,16,2,False
2022-11-17,4260705920331,1,8.69,-4,8.69,11,46,2,321,17,3,False
2022-11-18,4260705920331,1,8.69,-5,8.69,11,46,2,322,18,4,False
2022-11-19,4260705920331,1,8.69,-6,8.69,11,46,2,323,19,5,True
2022-11-21,4260705920331,1,8.69,-7,8.69,11,47,2,325,21,0,False
2022-11-24,4260705920331,1,8.69,-2,8.69,11,47,3,328,24,3,False
2022-11-25,4260705920331,1,8.69,-3,8.69,11,47,3,329,25,4,False
2022-11-26,4260705920331,1,8.69,-4,8.69,11,47,3,330,26,5,True
2022-11-29,4260705920331,1,8.69,-1,8.69,11,48,4,333,29,1,False
2022-11-30,4260705920331,1,8.69,-2,8.69,11,48,4,334,30,2,False
2022-12-02,4260705920331,1,8.69,-3,8.69,12,48,0,336,2,4,False
2022-12-03,4260705920331,1,8.69,-4,8.69,12,48,0,337,3,5,True
2022-12-05,4260705920331,1,8.69,-5,8.69,12,49,0,339,5,0,False
2022-12-09,4260705920331,1,8.69,-2,8.69,12,49,1,343,9,4,False
2022-12-12,4260705920331,1,8.69,-3,8.69,12,50,1,346,12,0,False
2022-12-13,4260705920331,1,8.69,-2,8.69,12,50,1,347,13,1,False
2022-12-14,4260705920331,1,8.69,-3,8.69,12,50,1,348,14,2,False
2022-12-15,4260705920331,1,8.69,-4,8.69,12,50,2,349,15,3,False
2022-12-16,4260705920331,1,8.69,-5,8.69,12,50,2,350,16,4,False
2022-12-17,4260705920331,1,8.69,-6,8.69,12,50,2,351,17,5,True
2022-12-19,4260705920331,1,8.69,-7,8.69,12,51,2,353,19,0,False
2022-12-21,4260705920331,1,8.69,-2,8.69,12,51,2,355,21,2,False
2022-12-22,4260705920331,1,8.69,-3,8.69,12,51,3,356,22,3,False
2022-12-23,4260705920331,1,8.69,-4,8.69,12,51,3,357,23,4,False
2022-12-27,4260705920331,1,8.69,-1,8.69,12,52,3,361,27,1,False
2022-12-30,4260705920331,1,8.69,-2,8.69,12,52,4,364,30,4,False
2023-01-02,4260705920331,1,8.69,-1,8.69,1,1,0,2,2,0,False
2023-01-03,4260705920331,1,8.69,-2,8.69,1,1,0,3,3,1,False
2023-01-04,4260705920331,1,8.69,-3,8.69,1,1,0,4,4,2,False
2023-01-05,4260705920331,1,8.69,-4,8.69,1,1,0,5,5,3,False
2023-01-06,4260705920331,1,8.69,-5,8.69,1,1,0,6,6,4,False
2023-01-07,4260705920331,1,8.69,-6,8.69,1,1,0,7,7,5,True
2023-01-09,4260705920331,1,8.69,-1,8.69,1,2,1,9,9,0,False
2023-01-10,4260705920331,1,8.69,-2,8.69,1,2,1,10,10,1,False
2023-01-17,4260705920331,1,8.69,-3,8.69,1,3,2,17,17,1,False
2023-01-20,4260705920331,1,8.69,-2,8.69,1,3,2,20,20,4,False
2023-01-21,4260705920331,1,8.69,-3,8.69,1,3,2,21,21,5,True
2023-01-23,4260705920331,1,8.69,-1,8.69,1,4,3,23,23,0,False
2023-01-24,4260705920331,1,8.69,-2,8.69,1,4,3,24,24,1,False
2023-01-25,4260705920331,1,8.69,-3,8.69,1,4,3,25,25,2,False
2023-01-28,4260705920331,1,8.69,-4,8.69,1,4,3,28,28,5,True
2023-02-02,4260705920331,1,8.69,-1,8.69,2,5,0,33,2,3,False
2023-02-04,4260705920331,1,8.69,-2,8.69,2,5,0,35,4,5,True
2022-05-17,4260705920188,1,7.39,-1,7.39,5,20,2,137,17,1,False
2022-05-19,4260705920188,1,7.39,-2,7.39,5,20,2,139,19,3,False
2022-05-23,4260705920188,1,7.39,-3,7.39,5,21,3,143,23,0,False
2022-05-24,4260705920188,1,7.39,-4,7.39,5,21,3,144,24,1,False
2022-05-31,4260705920188,1,7.39,-5,7.39,5,22,4,151,31,1,False
2022-06-01,4260705920188,1,7.39,-6,7.39,6,22,0,152,1,2,False
2022-06-09,4260705920188,1,7.39,-7,7.39,6,23,1,160,9,3,False
2022-06-23,4260705920188,1,7.39,-8,7.39,6,25,3,174,23,3,False
2022-06-24,4260705920188,2,7.39,-10,14.78,6,25,3,175,24,4,False
2022-06-27,4260705920188,1,7.39,-11,7.39,6,26,3,178,27,0,False
2022-06-28,4260705920188,2,7.39,-10,14.78,6,26,3,179,28,1,False
2022-06-30,4260705920188,1,7.39,-11,7.39,6,26,4,181,30,3,False
2022-07-05,4260705920188,1,7.49,-8,7.49,7,27,0,186,5,1,False
2022-07-06,4260705920188,1,7.49,-9,7.49,7,27,0,187,6,2,False
2022-07-07,4260705920188,1,7.49,-10,7.49,7,27,0,188,7,3,False
2022-07-12,4260705920188,1,7.49,-8,7.49,7,28,1,193,12,1,False
2022-07-13,4260705920188,1,7.49,-9,7.49,7,28,1,194,13,2,False
2022-08-17,4260705920188,1,7.49,-8,7.49,8,33,2,229,17,2,False
2022-08-23,4260705920188,1,7.49,-8,7.49,8,34,3,235,23,1,False
2022-08-26,4260705920188,1,7.49,-9,7.49,8,34,3,238,26,4,False
2022-08-27,4260705920188,1,7.49,-10,7.49,8,34,3,239,27,5,True
2022-08-29,4260705920188,1,7.49,-11,7.49,8,35,4,241,29,0,False
2022-08-30,4260705920188,1,7.49,-9,7.49,8,35,4,242,30,1,False
2022-09-05,4260705920188,1,7.49,-10,7.49,9,36,0,248,5,0,False
2022-09-06,4260705920188,1,7.49,-9,7.49,9,36,0,249,6,1,False
2022-05-20,4260705920133,1,8.79,-1,8.79,5,20,2,140,20,4,False
2022-08-27,4260705920133,1,8.99,-2,8.99,8,34,3,239,27,5,True
2022-09-17,4260705920133,1,8.99,-2,8.99,9,37,2,260,17,5,True
2022-10-01,4260705920133,1,8.99,-2,8.99,10,39,0,274,1,5,True
2022-11-25,4260705920133,1,8.99,-1,8.99,11,47,3,329,25,4,False
2022-12-03,4260705920133,1,8.99,-1,8.99,12,48,0,337,3,5,True
2022-12-17,4260705920133,1,8.99,-1,8.99,12,50,2,351,17,5,True
2023-01-07,4260705920133,1,8.99,-1,8.99,1,1,0,7,7,5,True
2023-01-14,4260705920133,1,8.99,-1,8.99,1,2,1,14,14,5,True
2023-01-31,4260705920133,1,8.99,-1,8.99,1,5,4,31,31,1,False
2022-05-20,4260705920263,1,49.99,-1,49.99,5,20,2,140,20,4,False
2022-08-20,4260705920263,1,52.99,-2,52.99,8,33,2,232,20,5,True
2022-08-29,4260705920263,1,52.99,-2,52.99,8,35,4,241,29,0,False
2022-09-03,4260705920263,1,52.99,-3,52.99,9,35,0,246,3,5,True
2022-10-15,4260705920263,1,52.99,-1,52.99,10,41,2,288,15,5,True
2022-10-22,4260705920263,1,52.99,-1,52.99,10,42,3,295,22,5,True
2022-10-28,4260705920263,1,52.99,-1,52.99,10,43,3,301,28,4,False
2022-12-31,4260705920263,1,52.99,-1,52.99,12,52,4,365,31,5,True
